A51 MACRO ASSEMBLER  PROGRAM                                                              03/22/2023 19:50:48 PAGE     1


MACRO ASSEMBLER A51 V8.2.7.0
OBJECT MODULE PLACED IN .\Objects\Program.obj
ASSEMBLER INVOKED BY: C:\Keil_v5\C51\BIN\A51.EXE Program.a51 SET(SMALL) DEBUG PRINT(.\Listings\Program.lst) OBJECT(.\Obj
                      ects\Program.obj) EP

LOC  OBJ            LINE     SOURCE

  03E8                 1     Stala EQU 1000          ; stala o wartosci 1000 w systemie dziesietnym (03E8h)
  0020                 2     DanaL DATA 20h          ; odnosnik do adresu pamieci, w systemie szesnastkowym
  0021                 3     DanaH DATA 21h          ; odnosnik do adresu pamieci
  0030                 4     WynikL DATA 30h         ; odnosnik do adresu pamieci
  0031                 5     WynikH DATA 31h         ; odnosnik do adresu pamieci
                       6             
----                   7     CSEG AT 0                       ; Dyrektywa
0000 2100              8     JMP start                       ; Przeskoczenie do funkcji start
                       9             
----                  10     CSEG AT 100h            ; Dyrektywa
0100                  11             start:
0100 752018           12                     MOV DanaL,#18h          ; pod adres 20h wpisac wartosc 18h
0103 752100           13                     MOV DanaH,#00h          ; pod adres 21h wpisac wartosc 00h
                      14             
0106 E520             15                     MOV A,DanaL             ; Przeniesienie zawartosci komorki DanaL do akumula
                             tora
0108 24E8             16                     ADD A,#low(Stala)       ; Dodanie do zawartosci akumulatora czesci stalej -
                              E8h
010A F530             17                     MOV WynikL,A            ; Przeniesienie zawartosci akumulatora do komorki W
                             ynikL
010C E521             18                     MOV A,DanaH                     ; Przeniesienie zawartosci komorki DanaH do
                              akumulatora
010E 3403             19                     ADDC A,#high(Stala)     ; Dodanie do zawartosci akumulatora czesci stalej 0
                             3h
                      20                                                             ; Uwzglednienie bitu przeniesienia
0110 F531             21                     MOV WynikH,A            ; Przeniesienie zawartosci akumulatora do komorki W
                             ynikH
                      22     END                                     ; Dyrektywa
A51 MACRO ASSEMBLER  PROGRAM                                                              03/22/2023 19:50:48 PAGE     2

SYMBOL TABLE LISTING
------ ----- -------


N A M E             T Y P E  V A L U E   ATTRIBUTES

DANAH. . . . . . .  D ADDR   0021H   A   
DANAL. . . . . . .  D ADDR   0020H   A   
STALA. . . . . . .  N NUMB   03E8H   A   
START. . . . . . .  C ADDR   0100H   A   
WYNIKH . . . . . .  D ADDR   0031H   A   
WYNIKL . . . . . .  D ADDR   0030H   A   


REGISTER BANK(S) USED: 0 


ASSEMBLY COMPLETE.  0 WARNING(S), 0 ERROR(S)
